177.202.123.91 - - [25/Sep/2017:05:39:18 +0800] "POST / HTTP/1.1" 403 1386 "-" "Mozilla/5.0 (Windows NT 6.1; Trident/7.0; rv:11.0) like Gecko"
177.202.123.91 - - [25/Sep/2017:05:41:19 +0800] "POST / HTTP/1.1" 403 1386 "-" "Mozilla/5.0 (Windows NT 6.1; Trident/7.0; rv:11.0) like Gecko"
177.202.123.91 - - [25/Sep/2017:05:43:20 +0800] "POST / HTTP/1.1" 403 1386 "-" "Mozilla/5.0 (Windows NT 6.1; Trident/7.0; rv:11.0) like Gecko"
177.202.123.91 - - [25/Sep/2017:05:45:23 +0800] "POST / HTTP/1.1" 403 1386 "-" "Mozilla/5.0 (Windows NT 6.1; Trident/7.0; rv:11.0) like Gecko"
177.202.123.91 - - [25/Sep/2017:05:47:31 +0800] "POST / HTTP/1.1" 403 1386 "-" "Mozilla/5.0 (Windows NT 6.1; Trident/7.0; rv:11.0) like Gecko"
177.202.123.91 - - [25/Sep/2017:05:49:32 +0800] "POST / HTTP/1.1" 403 1386 "-" "Mozilla/5.0 (Windows NT 6.1; Trident/7.0; rv:11.0) like Gecko"
177.202.123.91 - - [25/Sep/2017:05:51:33 +0800] "POST / HTTP/1.1" 403 1386 "-" "Mozilla/5.0 (Windows NT 6.1; Trident/7.0; rv:11.0) like Gecko"
177.202.123.91 - - [25/Sep/2017:05:53:33 +0800] "POST / HTTP/1.1" 403 1386 "-" "Mozilla/5.0 (Windows NT 6.1; Trident/7.0; rv:11.0) like Gecko"
177.202.123.91 - - [25/Sep/2017:05:55:45 +0800] "POST / HTTP/1.1" 403 1386 "-" "Mozilla/5.0 (Windows NT 6.1; Trident/7.0; rv:11.0) like Gecko"
177.202.123.91 - - [25/Sep/2017:05:58:09 +0800] "POST / HTTP/1.1" 403 1386 "-" "Mozilla/5.0 (Windows NT 6.1; Trident/7.0; rv:11.0) like Gecko"
177.202.123.91 - - [25/Sep/2017:06:00:10 +0800] "POST / HTTP/1.1" 403 1386 "-" "Mozilla/5.0 (Windows NT 6.1; Trident/7.0; rv:11.0) like Gecko"
141.212.122.48 - - [25/Sep/2017:06:01:47 +0800] "GET /x HTTP/1.1" 400 166 "-" "Telesphoreo"
177.202.123.91 - - [25/Sep/2017:06:02:13 +0800] "POST / HTTP/1.1" 403 1386 "-" "Mozilla/5.0 (Windows NT 6.1; Trident/7.0; rv:11.0) like Gecko"
177.202.123.91 - - [25/Sep/2017:06:04:17 +0800] "POST / HTTP/1.1" 403 1386 "-" "Mozilla/5.0 (Windows NT 6.1; Trident/7.0; rv:11.0) like Gecko"
177.202.123.91 - - [25/Sep/2017:06:06:20 +0800] "POST / HTTP/1.1" 403 1386 "-" "Mozilla/5.0 (Windows NT 6.1; Trident/7.0; rv:11.0) like Gecko"
177.202.123.91 - - [25/Sep/2017:06:08:22 +0800] "POST / HTTP/1.1" 403 1386 "-" "Mozilla/5.0 (Windows NT 6.1; Trident/7.0; rv:11.0) like Gecko"
177.202.123.91 - - [25/Sep/2017:06:10:26 +0800] "POST / HTTP/1.1" 403 1386 "-" "Mozilla/5.0 (Windows NT 6.1; Trident/7.0; rv:11.0) like Gecko"
177.202.123.91 - - [25/Sep/2017:06:12:28 +0800] "POST / HTTP/1.1" 403 1386 "-" "Mozilla/5.0 (Windows NT 6.1; Trident/7.0; rv:11.0) like Gecko"
177.202.123.91 - - [25/Sep/2017:06:14:48 +0800] "POST / HTTP/1.1" 403 1386 "-" "Mozilla/5.0 (Windows NT 6.1; Trident/7.0; rv:11.0) like Gecko"
177.202.123.91 - - [25/Sep/2017:06:19:16 +0800] "POST / HTTP/1.1" 403 1386 "-" "Mozilla/5.0 (Windows NT 6.1; Trident/7.0; rv:11.0) like Gecko"
177.202.123.91 - - [25/Sep/2017:06:21:28 +0800] "POST / HTTP/1.1" 403 1386 "-" "Mozilla/5.0 (Windows NT 6.1; Trident/7.0; rv:11.0) like Gecko"
177.202.123.91 - - [25/Sep/2017:06:23:42 +0800] "POST / HTTP/1.1" 403 1386 "-" "Mozilla/5.0 (Windows NT 6.1; Trident/7.0; rv:11.0) like Gecko"
177.202.123.91 - - [25/Sep/2017:06:26:23 +0800] "POST / HTTP/1.1" 403 1386 "-" "Mozilla/5.0 (Windows NT 6.1; Trident/7.0; rv:11.0) like Gecko"
177.202.123.91 - - [25/Sep/2017:06:28:39 +0800] "POST / HTTP/1.1" 403 1386 "-" "Mozilla/5.0 (Windows NT 6.1; Trident/7.0; rv:11.0) like Gecko"
177.202.123.91 - - [25/Sep/2017:06:30:42 +0800] "POST / HTTP/1.1" 403 1386 "-" "Mozilla/5.0 (Windows NT 6.1; Trident/7.0; rv:11.0) like Gecko"
177.202.123.91 - - [25/Sep/2017:06:32:45 +0800] "POST / HTTP/1.1" 403 1386 "-" "Mozilla/5.0 (Windows NT 6.1; Trident/7.0; rv:11.0) like Gecko"
177.202.123.91 - - [25/Sep/2017:06:34:46 +0800] "POST / HTTP/1.1" 403 1386 "-" "Mozilla/5.0 (Windows NT 6.1; Trident/7.0; rv:11.0) like Gecko"
177.202.123.91 - - [25/Sep/2017:06:36:47 +0800] "POST / HTTP/1.1" 403 1386 "-" "Mozilla/5.0 (Windows NT 6.1; Trident/7.0; rv:11.0) like Gecko"
177.202.123.91 - - [25/Sep/2017:06:38:49 +0800] "POST / HTTP/1.1" 403 1386 "-" "Mozilla/5.0 (Windows NT 6.1; Trident/7.0; rv:11.0) like Gecko"
177.202.123.91 - - [25/Sep/2017:06:41:15 +0800] "POST / HTTP/1.1" 403 1386 "-" "Mozilla/5.0 (Windows NT 6.1; Trident/7.0; rv:11.0) like Gecko"
177.202.123.91 - - [25/Sep/2017:06:43:22 +0800] "POST / HTTP/1.1" 403 1386 "-" "Mozilla/5.0 (Windows NT 6.1; Trident/7.0; rv:11.0) like Gecko"
177.202.123.91 - - [25/Sep/2017:06:45:24 +0800] "POST / HTTP/1.1" 403 1386 "-" "Mozilla/5.0 (Windows NT 6.1; Trident/7.0; rv:11.0) like Gecko"
177.202.123.91 - - [25/Sep/2017:06:47:25 +0800] "POST / HTTP/1.1" 403 1386 "-" "Mozilla/5.0 (Windows NT 6.1; Trident/7.0; rv:11.0) like Gecko"
177.202.123.91 - - [25/Sep/2017:06:49:28 +0800] "POST / HTTP/1.1" 403 1386 "-" "Mozilla/5.0 (Windows NT 6.1; Trident/7.0; rv:11.0) like Gecko"
177.202.123.91 - - [25/Sep/2017:06:51:29 +0800] "POST / HTTP/1.1" 403 1386 "-" "Mozilla/5.0 (Windows NT 6.1; Trident/7.0; rv:11.0) like Gecko"
177.202.123.91 - - [25/Sep/2017:06:53:31 +0800] "POST / HTTP/1.1" 403 1386 "-" "Mozilla/5.0 (Windows NT 6.1; Trident/7.0; rv:11.0) like Gecko"
177.202.123.91 - - [25/Sep/2017:06:55:32 +0800] "POST / HTTP/1.1" 403 1386 "-" "Mozilla/5.0 (Windows NT 6.1; Trident/7.0; rv:11.0) like Gecko"
177.202.123.91 - - [25/Sep/2017:06:57:34 +0800] "POST / HTTP/1.1" 403 1386 "-" "Mozilla/5.0 (Windows NT 6.1; Trident/7.0; rv:11.0) like Gecko"
177.202.123.91 - - [25/Sep/2017:06:59:34 +0800] "POST / HTTP/1.1" 403 1386 "-" "Mozilla/5.0 (Windows NT 6.1; Trident/7.0; rv:11.0) like Gecko"
177.202.123.91 - - [25/Sep/2017:07:01:35 +0800] "POST / HTTP/1.1" 403 1386 "-" "Mozilla/5.0 (Windows NT 6.1; Trident/7.0; rv:11.0) like Gecko"
177.202.123.91 - - [25/Sep/2017:07:03:36 +0800] "POST / HTTP/1.1" 403 1386 "-" "Mozilla/5.0 (Windows NT 6.1; Trident/7.0; rv:11.0) like Gecko"
177.202.123.91 - - [25/Sep/2017:07:05:52 +0800] "POST / HTTP/1.1" 403 1386 "-" "Mozilla/5.0 (Windows NT 6.1; Trident/7.0; rv:11.0) like Gecko"
177.202.123.91 - - [25/Sep/2017:07:07:54 +0800] "POST / HTTP/1.1" 403 1386 "-" "Mozilla/5.0 (Windows NT 6.1; Trident/7.0; rv:11.0) like Gecko"
177.202.123.91 - - [25/Sep/2017:07:09:56 +0800] "POST / HTTP/1.1" 403 1386 "-" "Mozilla/5.0 (Windows NT 6.1; Trident/7.0; rv:11.0) like Gecko"
123.59.78.122 - - [25/Sep/2017:07:10:27 +0800] "GET / HTTP/1.0" 302 0 "-" "-"
177.202.123.91 - - [25/Sep/2017:07:12:00 +0800] "POST / HTTP/1.1" 403 1386 "-" "Mozilla/5.0 (Windows NT 6.1; Trident/7.0; rv:11.0) like Gecko"
177.202.123.91 - - [25/Sep/2017:07:14:01 +0800] "POST / HTTP/1.1" 403 1386 "-" "Mozilla/5.0 (Windows NT 6.1; Trident/7.0; rv:11.0) like Gecko"
220.181.159.77 - - [25/Sep/2017:11:37:44 +0800] "\x16\x03\x01\x00\x8B\x01\x00\x00\x87\x03\x03\xF5\xF4\xBE\xB2\xD80\xBB%e\x82\xD4\xA5\x1C\xD6\xAB\x1F\xDD\xD3\x0C\xCE\x16>7-\x05\xC9" 400 166 "-" "-"
220.181.159.77 - - [25/Sep/2017:11:37:44 +0800] "GET / HTTP/1.1" 302 5 "-" "-"
219.235.15.200 - - [25/Sep/2017:14:38:21 +0800] "GET / HTTP/1.1" 302 5 "http://114.67.133.41:80" "Mozilla/4.0 (compatible; MSIE 9.0; Windows NT 6.1)"
219.235.15.200 - - [25/Sep/2017:14:38:21 +0800] "GET /login/ HTTP/1.1" 200 2754 "http://114.67.133.41:80" "Mozilla/4.0 (compatible; MSIE 9.0; Windows NT 6.1)"
172.82.166.210 - - [25/Sep/2017:15:46:56 +0800] "GET http://www.baidu.com/cache/global/img/gs.gif HTTP/1.1" 404 108 "-" "Mozilla"
139.162.88.63 - - [25/Sep/2017:17:09:16 +0800] "GET http://clientapi.ipip.net/echo.php?info=1234567890 HTTP/1.1" 404 93 "-" "Go-http-client/1.1"
104.192.74.40 - - [25/Sep/2017:17:58:45 +0800] "GET /robots.txt HTTP/1.1" 404 95 "http://www.woaiwojia.xyz/robots.txt" "Mozilla/5.0 (Windows NT 6.1; WOW64) AppleWebKit/537.36 (KHTML, like Gecko) Chrome/39.0.2171.95 Safari/537.36"
104.192.74.40 - - [25/Sep/2017:17:58:45 +0800] "GET / HTTP/1.1" 302 5 "http://www.woaiwojia.xyz" "Mozilla/5.0 (Windows NT 6.1; WOW64) AppleWebKit/537.36 (KHTML, like Gecko) Chrome/39.0.2171.95 Safari/537.36"
104.192.74.40 - - [25/Sep/2017:17:58:46 +0800] "GET /login/ HTTP/1.1" 200 2754 "http://www.woaiwojia.xyz" "Mozilla/5.0 (Windows NT 6.1; WOW64) AppleWebKit/537.36 (KHTML, like Gecko) Chrome/39.0.2171.95 Safari/537.36"
104.192.74.40 - - [25/Sep/2017:17:58:46 +0800] "GET /login/ HTTP/1.1" 200 2754 "-" "Mozilla"
61.160.207.19 - - [25/Sep/2017:21:20:15 +0800] "GET http://180.97.33.108/s?ie=utf-8&f=8&rsv_bp=0&rsv_idx=1&tn=baidu&wd=114.67.133.41&rsv_pq=bf5332e1000 HTTP/1.1" 404 86 "-" "-"
80.82.78.38 - - [25/Sep/2017:21:52:48 +0800] "GET http://www.baidu.com/cache/global/img/gs.gif HTTP/1.1" 404 108 "-" "Mozilla"
185.10.68.77 - - [25/Sep/2017:22:30:37 +0800] "GET / HTTP/1.0" 302 0 "-" "-"
221.13.12.116 - - [25/Sep/2017:22:35:25 +0800] "GET / HTTP/1.0" 302 0 "-" "-"
123.160.174.74 - - [25/Sep/2017:22:36:15 +0800] "GET / HTTP/1.1" 302 5 "-" "Mozilla/5.0 (Windows NT 6.1) AppleWebKit/537.1 (KHTML, like Gecko) Chrome/21.0.1180.89 Safari/537.1"
117.14.158.78 - - [25/Sep/2017:22:36:16 +0800] "GET /login/ HTTP/1.1" 200 2754 "-" "Mozilla/5.0 (Windows NT 6.1) AppleWebKit/537.1 (KHTML, like Gecko) Chrome/21.0.1180.89 Safari/537.1"
115.239.248.220 - - [25/Sep/2017:23:45:00 +0800] "GET /shell?%75%6E%61%6D%65%20%2D%61 HTTP/1.1" 404 90 "http://114.67.133.41/shell?%75%6E%61%6D%65%20%2D%61" "Mozilla/4.0 (compatible; MSIE 9.0; Windows NT 6.1)"
120.132.3.151 - - [26/Sep/2017:03:27:25 +0800] "GET http://www.qq.com/404/search_children.js HTTP/1.1" 404 107 "-" "Mozilla/5.0 (X11; Linux x86_64) AppleWebKit/537.36 (KHTML, like Gecko) Chrome/35.0.1916.114 Safari/537.36"
120.132.3.151 - - [26/Sep/2017:03:27:25 +0800] "\x04\x01\x00PpTi4\x00" 400 166 "-" "-"
120.132.3.151 - - [26/Sep/2017:03:27:25 +0800] "\x05\x01\x00" 400 166 "-" "-"
101.236.60.230 - - [26/Sep/2017:03:54:11 +0800] "GET / HTTP/1.1" 302 5 "-" "Mozilla/5.0 (Windows NT 6.2; WOW64) AppleWebKit/537.36 (KHTML, like Gecko) Chrome/27.0.1453.94 Safari/537.36"
155.94.88.58 - - [26/Sep/2017:05:39:26 +0800] "GET / HTTP/1.0" 302 0 "-" "sysscan/1.0 (https://github.com/robertdavidgraham/sysscan)"
139.162.119.197 - - [26/Sep/2017:10:05:51 +0800] "GET / HTTP/1.1" 302 5 "-" "Mozilla/5.0 (Windows NT 10.0; WOW64) AppleWebKit/537.36 (KHTML, like Gecko) Chrome/50.0.2661.102 Safari/537.36"
139.162.119.197 - - [26/Sep/2017:10:05:53 +0800] "GET /login/ HTTP/1.1" 200 2754 "http://114.67.133.41:80/" "Go-http-client/1.1"
123.150.182.220 - - [26/Sep/2017:12:56:45 +0800] "GET / HTTP/1.1" 302 5 "-" "Mozilla/5.0 (iPhone; CPU iPhone OS 10_3_3 like Mac OS X; zh-CN) AppleWebKit/537.51.1 (KHTML, like Gecko) Mobile/14G60 UCBrowser/11.6.1.1003 Mobile  AliApp(TUnionSDK/0.1.20)"
123.150.182.220 - - [26/Sep/2017:12:56:45 +0800] "GET /login/ HTTP/1.1" 200 2754 "http://www.woaiwojia.xyz/" "Mozilla/5.0 (iPhone; CPU iPhone OS 10_3_3 like Mac OS X; zh-CN) AppleWebKit/537.51.1 (KHTML, like Gecko) Mobile/14G60 UCBrowser/11.6.1.1003 Mobile  AliApp(TUnionSDK/0.1.20)"
123.150.182.220 - - [26/Sep/2017:12:56:45 +0800] "GET /static/js/login.js HTTP/1.1" 200 904 "http://www.woaiwojia.xyz/" "Mozilla/5.0 (iPhone; CPU iPhone OS 10_3_3 like Mac OS X; zh-CN) AppleWebKit/537.51.1 (KHTML, like Gecko) Mobile/14G60 UCBrowser/11.6.1.1003 Mobile  AliApp(TUnionSDK/0.1.20)"
123.150.182.220 - - [26/Sep/2017:12:56:45 +0800] "GET /static/js/bootstrap.min.js HTTP/1.1" 200 34653 "http://www.woaiwojia.xyz/" "Mozilla/5.0 (iPhone; CPU iPhone OS 10_3_3 like Mac OS X; zh-CN) AppleWebKit/537.51.1 (KHTML, like Gecko) Mobile/14G60 UCBrowser/11.6.1.1003 Mobile  AliApp(TUnionSDK/0.1.20)"
123.150.182.220 - - [26/Sep/2017:12:56:45 +0800] "GET /static/js/sha256.js HTTP/1.1" 200 4570 "http://www.woaiwojia.xyz/" "Mozilla/5.0 (iPhone; CPU iPhone OS 10_3_3 like Mac OS X; zh-CN) AppleWebKit/537.51.1 (KHTML, like Gecko) Mobile/14G60 UCBrowser/11.6.1.1003 Mobile  AliApp(TUnionSDK/0.1.20)"
123.150.182.220 - - [26/Sep/2017:12:56:45 +0800] "GET /static/js/pidcrypt.js HTTP/1.1" 200 8000 "http://www.woaiwojia.xyz/" "Mozilla/5.0 (iPhone; CPU iPhone OS 10_3_3 like Mac OS X; zh-CN) AppleWebKit/537.51.1 (KHTML, like Gecko) Mobile/14G60 UCBrowser/11.6.1.1003 Mobile  AliApp(TUnionSDK/0.1.20)"
123.150.182.220 - - [26/Sep/2017:12:56:45 +0800] "GET /static/js/jquery-1.12.4.min.js HTTP/1.1" 200 97163 "http://www.woaiwojia.xyz/" "Mozilla/5.0 (iPhone; CPU iPhone OS 10_3_3 like Mac OS X; zh-CN) AppleWebKit/537.51.1 (KHTML, like Gecko) Mobile/14G60 UCBrowser/11.6.1.1003 Mobile  AliApp(TUnionSDK/0.1.20)"
123.150.182.220 - - [26/Sep/2017:12:56:46 +0800] "GET /static/css/bootstrap.min.css HTTP/1.1" 200 114011 "http://www.woaiwojia.xyz/" "Mozilla/5.0 (iPhone; CPU iPhone OS 10_3_3 like Mac OS X; zh-CN) AppleWebKit/537.51.1 (KHTML, like Gecko) Mobile/14G60 UCBrowser/11.6.1.1003 Mobile  AliApp(TUnionSDK/0.1.20)"
211.103.136.242 - - [26/Sep/2017:12:56:47 +0800] "GET /favicon.ico HTTP/1.1" 404 96 "-" "Mozilla/5.0 (iPhone; CPU iPhone OS 10_3_3 like Mac OS X; zh-CN) AppleWebKit/537.51.1 (KHTML, like Gecko) Mobile/14G60 UCBrowser/11.6.1.1003 Mobile  AliApp(TUnionSDK/0.1.20)"
123.150.182.220 - - [26/Sep/2017:12:56:59 +0800] "POST /login_check/ HTTP/1.1" 200 22 "http://www.woaiwojia.xyz/login/" "Mozilla/5.0 (iPhone; CPU iPhone OS 10_3_3 like Mac OS X; zh-CN) AppleWebKit/537.51.1 (KHTML, like Gecko) Mobile/14G60 UCBrowser/11.6.1.1003 Mobile  AliApp(TUnionSDK/0.1.20)"
211.103.136.242 - - [26/Sep/2017:12:56:59 +0800] "GET /index/ HTTP/1.1" 200 7222 "http://www.woaiwojia.xyz/login/" "Mozilla/5.0 (iPhone; CPU iPhone OS 10_3_3 like Mac OS X; zh-CN) AppleWebKit/537.51.1 (KHTML, like Gecko) Mobile/14G60 UCBrowser/11.6.1.1003 Mobile  AliApp(TUnionSDK/0.1.20)"
211.103.136.242 - - [26/Sep/2017:12:56:59 +0800] "GET /static/js/bootstrap-datetimepicker.js HTTP/1.1" 200 70107 "http://www.woaiwojia.xyz/index/" "Mozilla/5.0 (iPhone; CPU iPhone OS 10_3_3 like Mac OS X; zh-CN) AppleWebKit/537.51.1 (KHTML, like Gecko) Mobile/14G60 UCBrowser/11.6.1.1003 Mobile  AliApp(TUnionSDK/0.1.20)"
211.103.136.242 - - [26/Sep/2017:12:56:59 +0800] "GET /static/js/bootstrap-datetimepicker.zh-CN.js HTTP/1.1" 200 813 "http://www.woaiwojia.xyz/index/" "Mozilla/5.0 (iPhone; CPU iPhone OS 10_3_3 like Mac OS X; zh-CN) AppleWebKit/537.51.1 (KHTML, like Gecko) Mobile/14G60 UCBrowser/11.6.1.1003 Mobile  AliApp(TUnionSDK/0.1.20)"
211.103.136.242 - - [26/Sep/2017:12:56:59 +0800] "GET /static/css/bootstrap-datetimepicker.min.css HTTP/1.1" 200 11276 "http://www.woaiwojia.xyz/index/" "Mozilla/5.0 (iPhone; CPU iPhone OS 10_3_3 like Mac OS X; zh-CN) AppleWebKit/537.51.1 (KHTML, like Gecko) Mobile/14G60 UCBrowser/11.6.1.1003 Mobile  AliApp(TUnionSDK/0.1.20)"
211.103.136.242 - - [26/Sep/2017:12:56:59 +0800] "GET /static/css/main.css HTTP/1.1" 200 1450 "http://www.woaiwojia.xyz/index/" "Mozilla/5.0 (iPhone; CPU iPhone OS 10_3_3 like Mac OS X; zh-CN) AppleWebKit/537.51.1 (KHTML, like Gecko) Mobile/14G60 UCBrowser/11.6.1.1003 Mobile  AliApp(TUnionSDK/0.1.20)"
211.103.136.242 - - [26/Sep/2017:12:56:59 +0800] "GET /static/js/main.js HTTP/1.1" 200 6645 "http://www.woaiwojia.xyz/index/" "Mozilla/5.0 (iPhone; CPU iPhone OS 10_3_3 like Mac OS X; zh-CN) AppleWebKit/537.51.1 (KHTML, like Gecko) Mobile/14G60 UCBrowser/11.6.1.1003 Mobile  AliApp(TUnionSDK/0.1.20)"
211.103.136.242 - - [26/Sep/2017:12:57:00 +0800] "GET /favicon.ico HTTP/1.1" 404 96 "-" "Mozilla/5.0 (iPhone; CPU iPhone OS 10_3_3 like Mac OS X; zh-CN) AppleWebKit/537.51.1 (KHTML, like Gecko) Mobile/14G60 UCBrowser/11.6.1.1003 Mobile  AliApp(TUnionSDK/0.1.20)"
211.103.136.242 - - [26/Sep/2017:12:57:05 +0800] "GET /static/fonts/glyphicons-halflings-regular.woff HTTP/1.1" 200 23424 "http://www.woaiwojia.xyz/login/" "Mozilla/5.0 (iPhone; CPU iPhone OS 10_3_3 like Mac OS X; zh-CN) AppleWebKit/537.51.1 (KHTML, like Gecko) Mobile/14G60 UCBrowser/11.6.1.1003 Mobile  AliApp(TUnionSDK/0.1.20)"
211.103.136.242 - - [26/Sep/2017:12:57:10 +0800] "GET /find_all/ HTTP/1.1" 200 294 "http://www.woaiwojia.xyz/index/" "Mozilla/5.0 (iPhone; CPU iPhone OS 10_3_3 like Mac OS X; zh-CN) AppleWebKit/537.51.1 (KHTML, like Gecko) Mobile/14G60 UCBrowser/11.6.1.1003 Mobile  AliApp(TUnionSDK/0.1.20)"
201.49.58.46 - - [26/Sep/2017:12:57:29 +0800] "GET /manager/html HTTP/1.1" 404 97 "-" "Mozilla/5.0 Gecko/20100101"
211.103.136.242 - - [26/Sep/2017:12:58:30 +0800] "POST /add_new/ HTTP/1.1" 200 22 "http://www.woaiwojia.xyz/index/" "Mozilla/5.0 (iPhone; CPU iPhone OS 10_3_3 like Mac OS X; zh-CN) AppleWebKit/537.51.1 (KHTML, like Gecko) Mobile/14G60 UCBrowser/11.6.1.1003 Mobile  AliApp(TUnionSDK/0.1.20)"
211.103.136.242 - - [26/Sep/2017:12:58:58 +0800] "POST /add_new/ HTTP/1.1" 200 22 "http://www.woaiwojia.xyz/index/" "Mozilla/5.0 (iPhone; CPU iPhone OS 10_3_3 like Mac OS X; zh-CN) AppleWebKit/537.51.1 (KHTML, like Gecko) Mobile/14G60 UCBrowser/11.6.1.1003 Mobile  AliApp(TUnionSDK/0.1.20)"
211.103.136.242 - - [26/Sep/2017:13:00:14 +0800] "POST /add_new/ HTTP/1.1" 200 22 "http://www.woaiwojia.xyz/index/" "Mozilla/5.0 (iPhone; CPU iPhone OS 10_3_3 like Mac OS X; zh-CN) AppleWebKit/537.51.1 (KHTML, like Gecko) Mobile/14G60 UCBrowser/11.6.1.1003 Mobile  AliApp(TUnionSDK/0.1.20)"
211.103.136.242 - - [26/Sep/2017:13:00:39 +0800] "POST /add_new/ HTTP/1.1" 200 22 "http://www.woaiwojia.xyz/index/" "Mozilla/5.0 (iPhone; CPU iPhone OS 10_3_3 like Mac OS X; zh-CN) AppleWebKit/537.51.1 (KHTML, like Gecko) Mobile/14G60 UCBrowser/11.6.1.1003 Mobile  AliApp(TUnionSDK/0.1.20)"
211.103.136.242 - - [26/Sep/2017:13:01:01 +0800] "POST /add_new/ HTTP/1.1" 200 22 "http://www.woaiwojia.xyz/index/" "Mozilla/5.0 (iPhone; CPU iPhone OS 10_3_3 like Mac OS X; zh-CN) AppleWebKit/537.51.1 (KHTML, like Gecko) Mobile/14G60 UCBrowser/11.6.1.1003 Mobile  AliApp(TUnionSDK/0.1.20)"
211.103.136.242 - - [26/Sep/2017:13:01:20 +0800] "POST /add_new/ HTTP/1.1" 200 22 "http://www.woaiwojia.xyz/index/" "Mozilla/5.0 (iPhone; CPU iPhone OS 10_3_3 like Mac OS X; zh-CN) AppleWebKit/537.51.1 (KHTML, like Gecko) Mobile/14G60 UCBrowser/11.6.1.1003 Mobile  AliApp(TUnionSDK/0.1.20)"
211.103.136.242 - - [26/Sep/2017:13:01:40 +0800] "POST /add_new/ HTTP/1.1" 200 22 "http://www.woaiwojia.xyz/index/" "Mozilla/5.0 (iPhone; CPU iPhone OS 10_3_3 like Mac OS X; zh-CN) AppleWebKit/537.51.1 (KHTML, like Gecko) Mobile/14G60 UCBrowser/11.6.1.1003 Mobile  AliApp(TUnionSDK/0.1.20)"
211.103.136.242 - - [26/Sep/2017:13:01:46 +0800] "GET /find_all/ HTTP/1.1" 200 816 "http://www.woaiwojia.xyz/index/" "Mozilla/5.0 (iPhone; CPU iPhone OS 10_3_3 like Mac OS X; zh-CN) AppleWebKit/537.51.1 (KHTML, like Gecko) Mobile/14G60 UCBrowser/11.6.1.1003 Mobile  AliApp(TUnionSDK/0.1.20)"
211.103.136.242 - - [26/Sep/2017:13:02:04 +0800] "POST /find_query/ HTTP/1.1" 200 176 "http://www.woaiwojia.xyz/index/" "Mozilla/5.0 (iPhone; CPU iPhone OS 10_3_3 like Mac OS X; zh-CN) AppleWebKit/537.51.1 (KHTML, like Gecko) Mobile/14G60 UCBrowser/11.6.1.1003 Mobile  AliApp(TUnionSDK/0.1.20)"
211.144.157.50 - - [26/Sep/2017:14:12:25 +0800] "GET /manager/html HTTP/1.1" 404 97 "-" "Mozilla/3.0 (compatible; Indy Library)"
159.203.240.82 - - [26/Sep/2017:16:34:57 +0800] "GET / HTTP/1.1" 302 5 "-" "Mozilla/5.0 zgrab/0.x"
123.59.146.153 - - [26/Sep/2017:17:48:17 +0800] "\x16\x03\x01\x01\x22\x01\x00\x01\x1E\x03\x03\xF7\x9F\xAB\xABA\x8Cab\x85\xC0%\xA2\xB2mW\x1E0.;\x07F\x9C=7\xA6gk^\x05\x9D\x10\x13\x00\x00\x88\xC00\xC0,\xC0(\xC0$\xC0\x14\xC0" 400 166 "-" "-"
123.59.146.153 - - [26/Sep/2017:17:48:24 +0800] "USER test +iw test :Test Wuz Here" 400 166 "-" "-"
123.59.146.153 - - [26/Sep/2017:17:48:24 +0800] "GET / HTTP/1.1" 302 5 "-" "Mozilla/5.0 (Windows NT 6.1; WOW64; rv:52.0) Gecko/20100101 Firefox/52.0"
118.163.85.184 - - [26/Sep/2017:18:05:54 +0800] "GET / HTTP/1.0" 302 0 "-" "-"
121.122.109.133 - - [26/Sep/2017:19:35:57 +0800] "GET / HTTP/1.0" 302 0 "-" "-"
106.75.85.117 - - [26/Sep/2017:20:17:12 +0800] "GET / HTTP/1.1" 302 5 "-" "Mozilla/5.0 (Windows NT 6.1) AppleWebKit/537.1 (KHTML, like Gecko) Chrome/21.0.1180.89 Safari/537.1"
106.75.85.117 - - [26/Sep/2017:20:17:12 +0800] "GET /login/ HTTP/1.1" 200 2754 "http://114.67.133.41" "Mozilla/5.0 (Windows NT 6.1) AppleWebKit/537.1 (KHTML, like Gecko) Chrome/21.0.1180.89 Safari/537.1"
139.162.88.63 - - [26/Sep/2017:20:23:05 +0800] "GET http://clientapi.ipip.net/echo.php?info=1234567890 HTTP/1.1" 404 93 "-" "Go-http-client/1.1"
60.191.38.77 - - [26/Sep/2017:21:59:20 +0800] "GET / HTTP/1.1" 302 5 "-" "Mozilla/5.0 (Macintosh; Intel Mac OS X 10.11; rv:47.0) Gecko/20100101 Firefox/47.0"
61.160.207.19 - - [26/Sep/2017:23:20:22 +0800] "GET http://180.97.33.108/s?ie=utf-8&f=8&rsv_bp=0&rsv_idx=1&tn=baidu&wd=114.67.133.41&rsv_pq=bf5332e1000 HTTP/1.1" 404 86 "-" "-"
185.88.24.184 - - [27/Sep/2017:00:30:51 +0800] "GET / HTTP/1.1" 302 5 "-" "curl/7.17.1 (mips-unknown-linux-gnu) libcurl/7.17.1 OpenSSL/0.9.8i zlib/1.2.3"
185.88.24.184 - - [27/Sep/2017:00:30:51 +0800] "GET /login/ HTTP/1.1" 200 2754 "-" "curl/7.17.1 (mips-unknown-linux-gnu) libcurl/7.17.1 OpenSSL/0.9.8i zlib/1.2.3"
106.186.25.225 - - [27/Sep/2017:01:20:26 +0800] "GET / HTTP/1.1" 302 5 "-" "Mozilla/5.0 (compatible; Nmap Scripting Engine; https://nmap.org/book/nse.html)"
106.186.25.225 - - [27/Sep/2017:01:20:26 +0800] "GET /login/ HTTP/1.1" 200 2754 "-" "Mozilla/5.0 (compatible; Nmap Scripting Engine; https://nmap.org/book/nse.html)"
104.192.74.21 - - [27/Sep/2017:02:26:04 +0800] "GET /robots.txt HTTP/1.1" 404 95 "http://www.woaiwojia.xyz/robots.txt" "Mozilla/5.0 (Windows NT 6.1; WOW64) AppleWebKit/537.36 (KHTML, like Gecko) Chrome/39.0.2171.95 Safari/537.36"
104.192.74.21 - - [27/Sep/2017:02:26:05 +0800] "GET / HTTP/1.1" 302 5 "http://www.woaiwojia.xyz" "Mozilla/5.0 (Windows NT 6.1; WOW64) AppleWebKit/537.36 (KHTML, like Gecko) Chrome/39.0.2171.95 Safari/537.36"
104.192.74.21 - - [27/Sep/2017:02:26:05 +0800] "GET /login/ HTTP/1.1" 200 2754 "http://www.woaiwojia.xyz" "Mozilla/5.0 (Windows NT 6.1; WOW64) AppleWebKit/537.36 (KHTML, like Gecko) Chrome/39.0.2171.95 Safari/537.36"
104.192.74.21 - - [27/Sep/2017:02:26:06 +0800] "GET /login/ HTTP/1.1" 200 2754 "-" "Mozilla"
177.65.150.221 - - [27/Sep/2017:06:24:09 +0800] "GET /hndUnblock.cgi HTTP/1.0" 404 88 "-" "Wget(linux)"
177.65.150.221 - - [27/Sep/2017:06:24:10 +0800] "GET /tmUnblock.cgi HTTP/1.0" 404 87 "-" "Wget(linux)"
177.65.150.221 - - [27/Sep/2017:06:24:11 +0800] "GET /moo HTTP/1.0" 404 77 "-" "Wget(linux)"
177.65.150.221 - - [27/Sep/2017:06:24:12 +0800] "GET / HTTP/1.0" 302 0 "-" "Wget(linux)"
209.126.136.4 - - [27/Sep/2017:09:10:37 +0800] "GET / HTTP/1.1" 302 5 "-" "Mozilla/5.0 (Windows NT 10.0; Win64; x64) AppleWebKit/537.36 (KHTML, like Gecko) Chrome/57.0.2987.133 Safari/537.36"
118.165.60.8 - - [27/Sep/2017:10:09:40 +0800] "CONNECT vip163mx00.mxmail.netease.com:25 HTTP/1.0" 400 166 "-" "-"
5.8.115.157 - - [27/Sep/2017:11:20:16 +0800] "GET / HTTP/1.0" 302 0 "-" "-"
155.94.88.58 - - [27/Sep/2017:12:56:05 +0800] "GET / HTTP/1.0" 302 0 "-" "sysscan/1.0 (https://github.com/robertdavidgraham/sysscan)"
61.160.207.19 - - [27/Sep/2017:13:28:24 +0800] "GET http://180.97.33.108/s?ie=utf-8&f=8&rsv_bp=0&rsv_idx=1&tn=baidu&wd=114.67.133.41&rsv_pq=bf5332e1000 HTTP/1.1" 404 86 "-" "-"
211.144.157.50 - - [27/Sep/2017:14:50:59 +0800] "GET /manager/html HTTP/1.1" 404 97 "-" "Mozilla/3.0 (compatible; Indy Library)"
1.30.21.82 - - [27/Sep/2017:14:51:28 +0800] "GET /manager/html HTTP/1.1" 404 97 "-" "Mozilla/3.0 (compatible; Indy Library)"
139.162.88.63 - - [27/Sep/2017:19:01:23 +0800] "GET http://clientapi.ipip.net/echo.php?info=1234567890 HTTP/1.1" 404 93 "-" "Go-http-client/1.1"
180.76.193.136 - - [27/Sep/2017:19:09:59 +0800] "GET / HTTP/1.1" 302 5 "-" "Mozilla/5.0 (Windows NT 6.1; WOW64) AppleWebKit/537.36 (KHTML, like Gecko) Chrome/51.0.2704.106 Safari/537.36"
180.76.193.136 - - [27/Sep/2017:19:09:59 +0800] "GET / HTTP/1.1" 302 5 "-" "Mozilla/5.0 (Linux; U; Android 2.3.6; zh-cn; U8860 Build/HuaweiU8860) AppleWebKit/533.1 (KHTML, like Gecko) Version/4.0 Mobile Safari/533.1"
180.76.193.136 - - [27/Sep/2017:19:09:59 +0800] "GET /login/ HTTP/1.1" 200 2754 "http://www.woaiwojia.xyz" "Mozilla/5.0 (Windows NT 6.1; WOW64) AppleWebKit/537.36 (KHTML, like Gecko) Chrome/51.0.2704.106 Safari/537.36"
180.76.193.136 - - [27/Sep/2017:19:09:59 +0800] "GET /login/ HTTP/1.1" 200 2754 "http://wap.woaiwojia.xyz" "Mozilla/5.0 (Linux; U; Android 2.3.6; zh-cn; U8860 Build/HuaweiU8860) AppleWebKit/533.1 (KHTML, like Gecko) Version/4.0 Mobile Safari/533.1"
196.52.43.53 - - [27/Sep/2017:20:43:55 +0800] "GET / HTTP/1.0" 302 0 "-" "Mozilla/5.0 (Windows NT 6.1; rv:31.0) Gecko/20100101 Firefox/31.0"
141.212.122.112 - - [27/Sep/2017:23:53:56 +0800] "GET / HTTP/1.1" 302 5 "-" "Mozilla/5.0 zgrab/0.x"
141.212.122.112 - - [27/Sep/2017:23:53:56 +0800] "GET /login/ HTTP/1.1" 200 2754 "http://114.67.133.41:80/" "Mozilla/5.0 zgrab/0.x"
58.221.47.59 - - [28/Sep/2017:02:07:33 +0800] "GET / HTTP/1.1" 302 5 "-" "Mozilla/4.0 (compatible; MSIE 6.0; Windows NT 5.0)"
58.221.47.59 - - [28/Sep/2017:02:07:33 +0800] "GET /login/ HTTP/1.1" 200 2754 "-" "Mozilla/4.0 (compatible; MSIE 6.0; Windows NT 5.0)"
104.192.74.22 - - [28/Sep/2017:02:18:51 +0800] "GET /robots.txt HTTP/1.1" 404 95 "http://www.woaiwojia.xyz/robots.txt" "Mozilla/5.0 (Windows NT 6.1; WOW64) AppleWebKit/537.36 (KHTML, like Gecko) Chrome/39.0.2171.95 Safari/537.36"
104.192.74.22 - - [28/Sep/2017:02:18:52 +0800] "GET / HTTP/1.1" 302 5 "http://www.woaiwojia.xyz" "Mozilla/5.0 (Windows NT 6.1; WOW64) AppleWebKit/537.36 (KHTML, like Gecko) Chrome/39.0.2171.95 Safari/537.36"
104.192.74.22 - - [28/Sep/2017:02:18:52 +0800] "GET /login/ HTTP/1.1" 200 2754 "http://www.woaiwojia.xyz" "Mozilla/5.0 (Windows NT 6.1; WOW64) AppleWebKit/537.36 (KHTML, like Gecko) Chrome/39.0.2171.95 Safari/537.36"
104.192.74.22 - - [28/Sep/2017:02:18:52 +0800] "GET /login/ HTTP/1.1" 200 2754 "-" "Mozilla"
180.97.106.164 - - [28/Sep/2017:03:14:02 +0800] "HEAD http://180.163.113.82/check_proxy HTTP/1.1" 404 0 "-" "-"
211.151.3.208 - - [28/Sep/2017:03:48:26 +0800] "CONNECT 115.159.231.141:80 HTTP/1.1" 400 166 "-" "-"
211.151.3.208 - - [28/Sep/2017:08:52:20 +0800] "\x04\x01\x00Ps\x9F\xE7\x8D680058\x00" 400 166 "-" "-"
213.180.203.7 - - [28/Sep/2017:11:07:55 +0800] "GET /robots.txt HTTP/1.1" 404 95 "-" "Mozilla/5.0 (compatible; YandexBot/3.0; +http://yandex.com/bots)"
213.180.203.7 - - [28/Sep/2017:11:07:59 +0800] "GET / HTTP/1.1" 302 5 "-" "Mozilla/5.0 (compatible; YandexBot/3.0; +http://yandex.com/bots)"
87.250.224.96 - - [28/Sep/2017:11:08:03 +0800] "GET /login/ HTTP/1.1" 200 2754 "-" "Mozilla/5.0 (compatible; YandexBot/3.0; +http://yandex.com/bots)"
180.97.106.39 - - [28/Sep/2017:12:36:55 +0800] "\x04\x01\x00P\xB4\xA3qR\x00" 400 166 "-" "-"
80.82.78.38 - - [28/Sep/2017:14:36:19 +0800] "GET http://www.baidu.com/cache/global/img/gs.gif HTTP/1.1" 404 108 "-" "Mozilla"
101.236.48.168 - - [28/Sep/2017:14:44:05 +0800] "GET / HTTP/1.0" 302 0 "-" "-"
101.236.48.168 - - [28/Sep/2017:14:44:06 +0800] "GET / HTTP/1.1" 302 5 "-" "-"
101.236.48.168 - - [28/Sep/2017:14:44:06 +0800] "GET / HTTP/1.0" 302 0 "-" "-"
101.236.48.168 - - [28/Sep/2017:14:44:06 +0800] "GET /ifixwebspace/ HTTP/1.1" 404 98 "-" "-"
101.236.48.168 - OPER [28/Sep/2017:14:44:06 +0800] "GET /info/SYSTEM/_Application.htm HTTP/1.1" 404 113 "-" "-"
101.236.48.168 - ADMIN [28/Sep/2017:14:44:06 +0800] "GET /info/SYSTEM/_Application.htm HTTP/1.1" 404 113 "-" "-"
101.236.48.168 - OPER [28/Sep/2017:14:44:06 +0800] "GET /info/SYSTEM/_Application.htm HTTP/1.1" 404 113 "-" "-"
101.236.48.168 - ADMIN [28/Sep/2017:14:44:06 +0800] "GET /info/SYSTEM/_Application.htm HTTP/1.1" 404 113 "-" "-"
101.236.48.168 - - [28/Sep/2017:14:44:06 +0800] "GET / HTTP/1.1" 302 5 "-" "-"
101.236.48.168 - - [28/Sep/2017:14:44:06 +0800] "GET /webconfig.ini HTTP/1.1" 404 98 "-" "-"
101.236.48.168 - - [28/Sep/2017:14:44:06 +0800] "GET / HTTP/1.1" 302 5 "-" "-"
101.236.48.168 - - [28/Sep/2017:14:44:06 +0800] "GET /webconfig.ini HTTP/1.1" 404 98 "-" "-"
101.236.48.168 - - [28/Sep/2017:14:44:06 +0800] "GET /ifixwebspace/ HTTP/1.1" 404 98 "-" "-"
101.236.48.162 - - [28/Sep/2017:14:44:06 +0800] "HEAD / HTTP/1.1" 302 0 "-" "curl/7.35.0"
101.236.48.162 - - [28/Sep/2017:14:44:06 +0800] "HEAD /login/ HTTP/1.1" 200 0 "-" "curl/7.35.0"
101.236.48.162 - - [28/Sep/2017:14:44:07 +0800] "GET /login/ HTTP/1.1" 200 2754 "-" "curl/7.35.0"
101.236.48.168 - - [28/Sep/2017:14:45:06 +0800] "" 408 0 "-" "-"
101.236.48.168 - - [28/Sep/2017:14:45:06 +0800] "" 408 0 "-" "-"
101.236.48.168 - - [28/Sep/2017:14:45:06 +0800] "" 408 0 "-" "-"
101.236.48.168 - - [28/Sep/2017:14:45:06 +0800] "" 408 0 "-" "-"
180.97.106.163 - - [28/Sep/2017:15:16:28 +0800] "\x05\x02\x00\x02" 400 166 "-" "-"
106.186.25.225 - - [28/Sep/2017:15:17:06 +0800] "GET / HTTP/1.1" 302 5 "-" "Mozilla/5.0 (compatible; ArcticFission)"
106.186.25.225 - - [28/Sep/2017:15:17:06 +0800] "GET /login/ HTTP/1.1" 200 2754 "-" "Mozilla/5.0 (compatible; ArcticFission)"
211.151.3.208 - - [28/Sep/2017:15:26:31 +0800] "\x05\x01\x00" 400 166 "-" "-"
60.191.38.77 - - [28/Sep/2017:19:00:02 +0800] "GET / HTTP/1.1" 302 5 "-" "Mozilla/5.0 (Macintosh; Intel Mac OS X 10.11; rv:47.0) Gecko/20100101 Firefox/47.0"
139.162.88.63 - - [28/Sep/2017:19:16:21 +0800] "GET http://clientapi.ipip.net/echo.php?info=1234567890 HTTP/1.1" 404 93 "-" "Go-http-client/1.1"
195.43.67.36 - - [28/Sep/2017:21:21:23 +0800] "GET / HTTP/1.1" 302 5 "-" "curl/7.17.1 (mips-unknown-linux-gnu) libcurl/7.17.1 OpenSSL/0.9.8i zlib/1.2.3"
195.43.67.36 - - [28/Sep/2017:21:21:23 +0800] "GET /login/ HTTP/1.1" 200 2754 "-" "curl/7.17.1 (mips-unknown-linux-gnu) libcurl/7.17.1 OpenSSL/0.9.8i zlib/1.2.3"
104.192.74.31 - - [29/Sep/2017:02:19:18 +0800] "GET /robots.txt HTTP/1.1" 404 95 "http://www.woaiwojia.xyz/robots.txt" "Mozilla/5.0 (Windows NT 6.1; WOW64) AppleWebKit/537.36 (KHTML, like Gecko) Chrome/39.0.2171.95 Safari/537.36"
104.192.74.31 - - [29/Sep/2017:02:19:19 +0800] "GET / HTTP/1.1" 302 5 "http://www.woaiwojia.xyz" "Mozilla/5.0 (Windows NT 6.1; WOW64) AppleWebKit/537.36 (KHTML, like Gecko) Chrome/39.0.2171.95 Safari/537.36"
104.192.74.31 - - [29/Sep/2017:02:19:19 +0800] "GET /login/ HTTP/1.1" 200 2754 "http://www.woaiwojia.xyz" "Mozilla/5.0 (Windows NT 6.1; WOW64) AppleWebKit/537.36 (KHTML, like Gecko) Chrome/39.0.2171.95 Safari/537.36"
104.192.74.31 - - [29/Sep/2017:02:19:20 +0800] "GET /login/ HTTP/1.1" 200 2754 "-" "Mozilla"
60.191.38.77 - - [29/Sep/2017:02:22:23 +0800] "GET / HTTP/1.1" 302 5 "-" "Mozilla/5.0 (Macintosh; Intel Mac OS X 10.11; rv:47.0) Gecko/20100101 Firefox/47.0"
192.3.185.51 - - [29/Sep/2017:03:00:19 +0800] "CONNECT ip.imazes.org:443 HTTP/1.1" 400 166 "-" "-"
106.186.25.225 - - [29/Sep/2017:03:20:59 +0800] "GET /UserMgr.asp HTTP/1.1" 404 96 "-" "Mozilla/5.0 (compatible; ArcticFission)"
120.132.3.151 - - [29/Sep/2017:03:29:25 +0800] "GET http://www.qq.com/404/search_children.js HTTP/1.1" 404 107 "-" "Mozilla/5.0 (X11; Linux x86_64) AppleWebKit/537.36 (KHTML, like Gecko) Chrome/35.0.1916.114 Safari/537.36"
120.132.3.151 - - [29/Sep/2017:03:29:25 +0800] "\x04\x01\x00PpTi4\x00" 400 166 "-" "-"
120.132.3.151 - - [29/Sep/2017:03:29:25 +0800] "\x05\x01\x00" 400 166 "-" "-"
61.160.207.19 - - [29/Sep/2017:05:22:56 +0800] "GET http://180.97.33.108/s?ie=utf-8&f=8&rsv_bp=0&rsv_idx=1&tn=baidu&wd=114.67.133.41&rsv_pq=bf5332e1000 HTTP/1.1" 404 86 "-" "-"
155.94.88.58 - - [29/Sep/2017:05:33:54 +0800] "GET / HTTP/1.0" 302 0 "-" "sysscan/1.0 (https://github.com/robertdavidgraham/sysscan)"
71.6.202.198 - - [29/Sep/2017:09:17:23 +0800] "GET / HTTP/1.1" 302 5 "-" "Mozilla/5.0 (compatible; MSIE 9.0; Windows NT 6.1; WOW64)"
141.8.142.214 - - [29/Sep/2017:09:46:02 +0800] "GET /robots.txt HTTP/1.1" 404 95 "-" "Mozilla/5.0 (compatible; YandexBot/3.0; +http://yandex.com/bots)"
141.8.142.214 - - [29/Sep/2017:09:46:07 +0800] "GET / HTTP/1.1" 302 5 "-" "Mozilla/5.0 (compatible; YandexBot/3.0; +http://yandex.com/bots)"
117.50.7.159 - - [29/Sep/2017:11:53:19 +0800] "GET / HTTP/1.0" 302 0 "-" "-"
155.94.88.58 - - [29/Sep/2017:12:31:04 +0800] "GET / HTTP/1.0" 302 0 "-" "sysscan/1.0 (https://github.com/robertdavidgraham/sysscan)"
80.82.78.38 - - [29/Sep/2017:12:52:45 +0800] "GET http://www.baidu.com/cache/global/img/gs.gif HTTP/1.1" 404 108 "-" "Mozilla"
211.151.3.208 - - [29/Sep/2017:12:56:54 +0800] "CONNECT 115.159.231.141:80 HTTP/1.1" 400 166 "-" "-"
211.151.3.208 - - [29/Sep/2017:12:56:55 +0800] "\x04\x01\x00Ps\x9F\xE7\x8D850979\x00" 400 166 "-" "-"
211.151.3.208 - - [29/Sep/2017:12:56:56 +0800] "\x05\x01\x00" 400 166 "-" "-"
61.160.207.19 - - [29/Sep/2017:13:27:00 +0800] "GET http://180.97.33.108/s?ie=utf-8&f=8&rsv_bp=0&rsv_idx=1&tn=baidu&wd=114.67.133.41&rsv_pq=bf5332e1000 HTTP/1.1" 404 86 "-" "-"
61.160.207.19 - - [29/Sep/2017:13:27:01 +0800] "GET http://180.97.33.108/s?ie=utf-8&f=8&rsv_bp=0&rsv_idx=1&tn=baidu&wd=114.67.133.41&rsv_pq=bf5332e1000 HTTP/1.1" 404 86 "-" "-"
211.103.136.242 - - [29/Sep/2017:14:07:34 +0800] "GET / HTTP/1.1" 200 7222 "-" "Mozilla/5.0 (Windows NT 10.0; Win64; x64) AppleWebKit/537.36 (KHTML, like Gecko) Chrome/60.0.3112.101 Safari/537.36"
211.103.136.242 - - [29/Sep/2017:14:07:34 +0800] "GET /static/css/bootstrap-datetimepicker.min.css HTTP/1.1" 200 11276 "http://114.67.133.41/" "Mozilla/5.0 (Windows NT 10.0; Win64; x64) AppleWebKit/537.36 (KHTML, like Gecko) Chrome/60.0.3112.101 Safari/537.36"
211.103.136.242 - - [29/Sep/2017:14:07:34 +0800] "GET /static/js/bootstrap-datetimepicker.zh-CN.js HTTP/1.1" 200 813 "http://114.67.133.41/" "Mozilla/5.0 (Windows NT 10.0; Win64; x64) AppleWebKit/537.36 (KHTML, like Gecko) Chrome/60.0.3112.101 Safari/537.36"
211.103.136.242 - - [29/Sep/2017:14:07:34 +0800] "GET /static/js/main.js HTTP/1.1" 304 0 "http://114.67.133.41/" "Mozilla/5.0 (Windows NT 10.0; Win64; x64) AppleWebKit/537.36 (KHTML, like Gecko) Chrome/60.0.3112.101 Safari/537.36"
211.103.136.242 - - [29/Sep/2017:14:07:34 +0800] "GET /static/js/bootstrap-datetimepicker.js HTTP/1.1" 304 0 "http://114.67.133.41/" "Mozilla/5.0 (Windows NT 10.0; Win64; x64) AppleWebKit/537.36 (KHTML, like Gecko) Chrome/60.0.3112.101 Safari/537.36"
211.103.136.242 - - [29/Sep/2017:14:07:34 +0800] "GET /static/js/jquery-1.12.4.min.js HTTP/1.1" 304 0 "http://114.67.133.41/" "Mozilla/5.0 (Windows NT 10.0; Win64; x64) AppleWebKit/537.36 (KHTML, like Gecko) Chrome/60.0.3112.101 Safari/537.36"
211.103.136.242 - - [29/Sep/2017:14:07:34 +0800] "GET /static/css/bootstrap.min.css HTTP/1.1" 200 114011 "http://114.67.133.41/" "Mozilla/5.0 (Windows NT 10.0; Win64; x64) AppleWebKit/537.36 (KHTML, like Gecko) Chrome/60.0.3112.101 Safari/537.36"
211.103.136.242 - - [29/Sep/2017:14:07:34 +0800] "GET /static/css/main.css HTTP/1.1" 200 1450 "http://114.67.133.41/" "Mozilla/5.0 (Windows NT 10.0; Win64; x64) AppleWebKit/537.36 (KHTML, like Gecko) Chrome/60.0.3112.101 Safari/537.36"
211.103.136.242 - - [29/Sep/2017:14:07:35 +0800] "GET /favicon.ico HTTP/1.1" 404 96 "http://114.67.133.41/" "Mozilla/5.0 (Windows NT 10.0; Win64; x64) AppleWebKit/537.36 (KHTML, like Gecko) Chrome/60.0.3112.101 Safari/537.36"
211.103.136.242 - - [29/Sep/2017:14:07:38 +0800] "GET /find_all/ HTTP/1.1" 200 816 "http://114.67.133.41/" "Mozilla/5.0 (Windows NT 10.0; Win64; x64) AppleWebKit/537.36 (KHTML, like Gecko) Chrome/60.0.3112.101 Safari/537.36"
211.103.136.242 - - [29/Sep/2017:14:08:03 +0800] "GET /static/fonts/glyphicons-halflings-regular.woff HTTP/1.1" 200 23424 "http://114.67.133.41/static/css/bootstrap.min.css" "Mozilla/5.0 (Windows NT 10.0; Win64; x64) AppleWebKit/537.36 (KHTML, like Gecko) Chrome/60.0.3112.101 Safari/537.36"
211.103.136.242 - - [29/Sep/2017:14:08:22 +0800] "POST /add_new/ HTTP/1.1" 200 22 "http://114.67.133.41/" "Mozilla/5.0 (Windows NT 10.0; Win64; x64) AppleWebKit/537.36 (KHTML, like Gecko) Chrome/60.0.3112.101 Safari/537.36"
211.103.136.242 - - [29/Sep/2017:14:08:48 +0800] "POST /add_new/ HTTP/1.1" 200 22 "http://114.67.133.41/" "Mozilla/5.0 (Windows NT 10.0; Win64; x64) AppleWebKit/537.36 (KHTML, like Gecko) Chrome/60.0.3112.101 Safari/537.36"
211.103.136.242 - - [29/Sep/2017:14:09:09 +0800] "POST /add_new/ HTTP/1.1" 200 22 "http://114.67.133.41/" "Mozilla/5.0 (Windows NT 10.0; Win64; x64) AppleWebKit/537.36 (KHTML, like Gecko) Chrome/60.0.3112.101 Safari/537.36"
211.103.136.242 - - [29/Sep/2017:14:09:19 +0800] "POST /add_new/ HTTP/1.1" 200 22 "http://114.67.133.41/" "Mozilla/5.0 (Windows NT 10.0; Win64; x64) AppleWebKit/537.36 (KHTML, like Gecko) Chrome/60.0.3112.101 Safari/537.36"
211.103.136.242 - - [29/Sep/2017:14:09:52 +0800] "POST /add_new/ HTTP/1.1" 200 22 "http://114.67.133.41/" "Mozilla/5.0 (Windows NT 10.0; Win64; x64) AppleWebKit/537.36 (KHTML, like Gecko) Chrome/60.0.3112.101 Safari/537.36"
211.103.136.242 - - [29/Sep/2017:14:10:08 +0800] "POST /add_new/ HTTP/1.1" 200 22 "http://114.67.133.41/" "Mozilla/5.0 (Windows NT 10.0; Win64; x64) AppleWebKit/537.36 (KHTML, like Gecko) Chrome/60.0.3112.101 Safari/537.36"
211.103.136.242 - - [29/Sep/2017:14:10:26 +0800] "POST /add_new/ HTTP/1.1" 200 22 "http://114.67.133.41/" "Mozilla/5.0 (Windows NT 10.0; Win64; x64) AppleWebKit/537.36 (KHTML, like Gecko) Chrome/60.0.3112.101 Safari/537.36"
211.103.136.242 - - [29/Sep/2017:14:10:46 +0800] "POST /add_new/ HTTP/1.1" 200 22 "http://114.67.133.41/" "Mozilla/5.0 (Windows NT 10.0; Win64; x64) AppleWebKit/537.36 (KHTML, like Gecko) Chrome/60.0.3112.101 Safari/537.36"
211.103.136.242 - - [29/Sep/2017:14:10:49 +0800] "GET /find_all/ HTTP/1.1" 200 1361 "http://114.67.133.41/" "Mozilla/5.0 (Windows NT 10.0; Win64; x64) AppleWebKit/537.36 (KHTML, like Gecko) Chrome/60.0.3112.101 Safari/537.36"
106.186.25.225 - - [29/Sep/2017:15:35:26 +0800] "GET /image/_gadget/__Deactivated.jpg HTTP/1.1" 404 116 "-" "Mozilla/5.0 (compatible; Nmap Scripting Engine; https://nmap.org/book/nse.html)"
106.186.25.225 - - [29/Sep/2017:15:35:26 +0800] "GET /image/_gadget/__Activated.jpg HTTP/1.1" 404 114 "-" "Mozilla/5.0 (compatible; Nmap Scripting Engine; https://nmap.org/book/nse.html)"
106.186.25.225 - - [29/Sep/2017:15:35:26 +0800] "GET /image/_gadget/pdlImage.jpg HTTP/1.1" 404 111 "-" "Mozilla/5.0 (compatible; Nmap Scripting Engine; https://nmap.org/book/nse.html)"
189.6.58.136 - - [29/Sep/2017:17:02:46 +0800] "GET / HTTP/1.0" 302 0 "-" "-"
189.6.58.136 - - [29/Sep/2017:17:02:46 +0800] "GET / HTTP/1.0" 302 0 "-" "-"
189.6.58.136 - - [29/Sep/2017:17:02:47 +0800] "GET / HTTP/1.0" 302 0 "-" "-"
189.6.58.136 - - [29/Sep/2017:17:02:48 +0800] "GET / HTTP/1.0" 302 0 "-" "-"
189.6.58.136 - - [29/Sep/2017:17:02:51 +0800] "GET / HTTP/1.0" 302 0 "-" "-"
189.6.58.136 - - [29/Sep/2017:17:02:54 +0800] "GET / HTTP/1.0" 302 0 "-" "-"
139.162.88.63 - - [29/Sep/2017:18:54:44 +0800] "GET http://clientapi.ipip.net/echo.php?info=1234567890 HTTP/1.1" 404 93 "-" "Go-http-client/1.1"
219.235.15.200 - - [29/Sep/2017:19:33:52 +0800] "GET / HTTP/1.1" 302 5 "http://114.67.133.41:80" "Mozilla/4.0 (compatible; MSIE 9.0; Windows NT 6.1)"
219.235.15.200 - - [29/Sep/2017:19:33:52 +0800] "GET /login/ HTTP/1.1" 200 2754 "http://114.67.133.41:80" "Mozilla/4.0 (compatible; MSIE 9.0; Windows NT 6.1)"
91.210.105.23 - - [29/Sep/2017:21:31:10 +0800] "GET / HTTP/1.1" 302 5 "-" "-"
91.210.105.23 - - [29/Sep/2017:21:31:10 +0800] "GET /login/ HTTP/1.1" 200 2754 "-" "-"
34.227.81.8 - - [30/Sep/2017:03:02:34 +0800] "GET / HTTP/1.1" 302 5 "-" "Mozilla/5.0 (X11; Ubuntu; Linux x86_64; rv:30.0) Gecko/20100101 Firefox/30.0"
34.227.81.8 - - [30/Sep/2017:03:02:35 +0800] "GET /login/ HTTP/1.1" 200 2754 "-" "Mozilla/5.0 (X11; Ubuntu; Linux x86_64; rv:30.0) Gecko/20100101 Firefox/30.0"
218.2.0.52 - - [30/Sep/2017:04:57:56 +0800] "GET / HTTP/1.1" 302 5 "http://114.67.133.41:80" "Mozilla/4.0 (compatible; MSIE 9.0; Windows NT 6.1)"
218.2.0.52 - - [30/Sep/2017:04:57:56 +0800] "GET /login/ HTTP/1.1" 200 2754 "http://114.67.133.41:80" "Mozilla/4.0 (compatible; MSIE 9.0; Windows NT 6.1)"
123.59.146.153 - - [30/Sep/2017:05:48:44 +0800] "\x16\x03\x01\x01\x22\x01\x00\x01\x1E\x03\x03\xC92\xBC\xB1\xCC[\xCC\x99\x80i\xB5*\x18\xFCX\x84CA B\xFC\xD2\xFA\xB52\x81\x87\xF7i|\xDC\x5C\x00\x00\x88\xC00\xC0,\xC0(\xC0$\xC0\x14\xC0" 400 166 "-" "-"
123.59.146.153 - - [30/Sep/2017:05:48:50 +0800] "USER test +iw test :Test Wuz Here" 400 166 "-" "-"
123.59.146.153 - - [30/Sep/2017:05:48:50 +0800] "GET / HTTP/1.1" 302 5 "-" "Mozilla/5.0 (Windows NT 6.1; WOW64; rv:52.0) Gecko/20100101 Firefox/52.0"
189.169.132.237 - - [30/Sep/2017:07:12:22 +0800] "GET / HTTP/1.0" 302 0 "-" "-"
196.52.43.57 - - [30/Sep/2017:08:29:08 +0800] "GET / HTTP/1.0" 302 0 "-" "Mozilla/5.0 (Windows NT 6.1; rv:31.0) Gecko/20100101 Firefox/31.0"
80.82.78.38 - - [30/Sep/2017:10:55:07 +0800] "GET http://www.baidu.com/cache/global/img/gs.gif HTTP/1.1" 404 108 "-" "Mozilla"
123.30.236.163 - - [30/Sep/2017:12:38:55 +0800] "GET /MyAdmin/scripts/setup.php HTTP/1.1" 404 110 "-" "ZmEu"
123.30.236.163 - - [30/Sep/2017:12:38:55 +0800] "GET /w00tw00t.at.blackhats.romanian.anti-sec:) HTTP/1.1" 404 126 "-" "ZmEu"
123.30.236.163 - - [30/Sep/2017:12:38:55 +0800] "GET /phpMyAdmin/scripts/setup.php HTTP/1.1" 404 113 "-" "ZmEu"
123.30.236.163 - - [30/Sep/2017:12:38:55 +0800] "GET  HTTP/1.1" 400 166 "-" "-"
123.30.236.163 - - [30/Sep/2017:12:38:55 +0800] "GET /phpmyadmin/scripts/setup.php HTTP/1.1" 404 113 "-" "ZmEu"
155.94.88.58 - - [30/Sep/2017:12:42:20 +0800] "GET / HTTP/1.0" 302 0 "-" "sysscan/1.0 (https://github.com/robertdavidgraham/sysscan)"
176.10.212.13 - - [30/Sep/2017:13:41:46 +0800] "GET / HTTP/1.0" 302 0 "-" "-"
60.191.38.77 - - [30/Sep/2017:13:45:20 +0800] "GET / HTTP/1.1" 302 5 "-" "Mozilla/5.0 (Macintosh; Intel Mac OS X 10.11; rv:47.0) Gecko/20100101 Firefox/47.0"
164.132.91.1 - - [30/Sep/2017:15:14:45 +0800] "GET / HTTP/1.1" 302 5 "-" "Windows NT 6.1; WOW64; Trident/5.0; FunWebProducts)"
164.132.91.1 - - [30/Sep/2017:15:14:46 +0800] "GET /login/ HTTP/1.1" 200 2754 "-" "Windows NT 6.1; WOW64; Trident/5.0; FunWebProducts)"
139.162.114.70 - - [30/Sep/2017:16:21:35 +0800] "GET / HTTP/1.1" 302 5 "-" "Mozilla/5.0 (Windows NT 10.0; WOW64) AppleWebKit/537.36 (KHTML, like Gecko) Chrome/50.0.2661.102 Safari/537.36"
139.162.114.70 - - [30/Sep/2017:16:21:37 +0800] "GET /login/ HTTP/1.1" 200 2754 "http://114.67.133.41:80/" "Mozilla/5.0 (Windows NT 10.0; WOW64) AppleWebKit/537.36 (KHTML, like Gecko) Chrome/50.0.2661.102 Safari/537.36"
187.66.42.233 - - [30/Sep/2017:17:56:04 +0800] "GET /hndUnblock.cgi HTTP/1.1" 404 99 "-" "Wget(linux)"
187.66.42.233 - - [30/Sep/2017:17:56:11 +0800] "GET /tmUnblock.cgi HTTP/1.1" 404 98 "-" "Wget(linux)"
187.66.42.233 - - [30/Sep/2017:17:56:18 +0800] "GET /moo HTTP/1.1" 404 88 "-" "Wget(linux)"
187.66.42.233 - - [30/Sep/2017:17:56:25 +0800] "GET / HTTP/1.1" 302 5 "-" "Wget(linux)"
187.66.42.233 - - [30/Sep/2017:17:56:28 +0800] "POST /getcfg.php HTTP/1.1" 404 95 "-" "Wget(linux)"
211.144.157.50 - - [30/Sep/2017:18:15:21 +0800] "GET /manager/html HTTP/1.1" 404 97 "-" "Mozilla/3.0 (compatible; Indy Library)"
104.192.74.23 - - [30/Sep/2017:18:39:50 +0800] "GET /robots.txt HTTP/1.1" 404 95 "http://www.woaiwojia.xyz/robots.txt" "Mozilla/5.0 (Windows NT 6.1; WOW64) AppleWebKit/537.36 (KHTML, like Gecko) Chrome/39.0.2171.95 Safari/537.36"
104.192.74.23 - - [30/Sep/2017:18:39:50 +0800] "GET / HTTP/1.1" 302 5 "http://www.woaiwojia.xyz" "Mozilla/5.0 (Windows NT 6.1; WOW64) AppleWebKit/537.36 (KHTML, like Gecko) Chrome/39.0.2171.95 Safari/537.36"
104.192.74.23 - - [30/Sep/2017:18:39:51 +0800] "GET /login/ HTTP/1.1" 200 2754 "http://www.woaiwojia.xyz" "Mozilla/5.0 (Windows NT 6.1; WOW64) AppleWebKit/537.36 (KHTML, like Gecko) Chrome/39.0.2171.95 Safari/537.36"
104.192.74.23 - - [30/Sep/2017:18:39:51 +0800] "GET /login/ HTTP/1.1" 200 2754 "-" "Mozilla"
110.179.175.113 - - [01/Oct/2017:01:40:37 +0800] "GET /currentsetting.htm HTTP/1.1" 404 103 "-" "-"
60.191.52.230 - - [01/Oct/2017:01:49:02 +0800] "GET / HTTP/1.1" 302 5 "-" "Mozilla/5.0 (X11; Linux x86_64) AppleWebKit/537.36 (KHTML, like Gecko) Chrome/47.0.2526.73 Safari/537.36"
60.191.52.230 - - [01/Oct/2017:01:49:03 +0800] "GET /login/ HTTP/1.1" 200 2754 "-" "Mozilla/5.0 (Windows NT 10.0; WOW64) AppleWebKit/537.36 (KHTML, like Gecko) Chrome/46.0.2490.71 Safari/537.36"
218.2.0.52 - - [01/Oct/2017:03:34:00 +0800] "GET / HTTP/1.1" 302 5 "http://114.67.133.41:80" "Mozilla/4.0 (compatible; MSIE 9.0; Windows NT 6.1)"
218.2.0.52 - - [01/Oct/2017:03:34:00 +0800] "GET /login/ HTTP/1.1" 200 2754 "http://114.67.133.41:80" "Mozilla/4.0 (compatible; MSIE 9.0; Windows NT 6.1)"
117.78.15.5 - - [01/Oct/2017:05:23:51 +0800] "POST //%63%67%69%2D%62%69%6E/%70%68%70?%2D%64+%61%6C%6C%6F%77%5F%75%72%6C%5F%69%6E%63%6C%75%64%65%3D%6F%6E+%2D%64+%73%61%66%65%5F%6D%6F%64%65%3D%6F%66%66+%2D%64+%73%75%68%6F%73%69%6E%2E%73%69%6D%75%6C%61%74%69%6F%6E%3D%6F%6E+%2D%64+%64%69%73%61%62%6C%65%5F%66%75%6E%63%74%69%6F%6E%73%3D%22%22+%2D%64+%6F%70%65%6E%5F%62%61%73%65%64%69%72%3D%6E%6F%6E%65+%2D%64+%61%75%74%6F%5F%70%72%65%70%65%6E%64%5F%66%69%6C%65%3D%70%68%70%3A%2F%2F%69%6E%70%75%74+%2D%64+%63%67%69%2E%66%6F%72%63%65%5F%72%65%64%69%72%65%63%74%3D%30+%2D%64+%63%67%69%2E%72%65%64%69%72%65%63%74%5F%73%74%61%74%75%73%5F%65%6E%76%3D%30+%2D%64+%61%75%74%6F%5F%70%72%65%70%65%6E%64%5F%66%69%6C%65%3D%70%68%70%3A%2F%2F%69%6E%70%75%74+%2D%6E HTTP/1.1" 404 96 "-" "-"
117.78.15.5 - - [01/Oct/2017:05:23:51 +0800] "POST //%63%67%69%2D%62%69%6E/%70%68%70?%2D%64+%61%6C%6C%6F%77%5F%75%72%6C%5F%69%6E%63%6C%75%64%65%3D%6F%6E+%2D%64+%73%61%66%65%5F%6D%6F%64%65%3D%6F%66%66+%2D%64+%73%75%68%6F%73%69%6E%2E%73%69%6D%75%6C%61%74%69%6F%6E%3D%6F%6E+%2D%64+%64%69%73%61%62%6C%65%5F%66%75%6E%63%74%69%6F%6E%73%3D%22%22+%2D%64+%6F%70%65%6E%5F%62%61%73%65%64%69%72%3D%6E%6F%6E%65+%2D%64+%61%75%74%6F%5F%70%72%65%70%65%6E%64%5F%66%69%6C%65%3D%70%68%70%3A%2F%2F%69%6E%70%75%74+%2D%64+%63%67%69%2E%66%6F%72%63%65%5F%72%65%64%69%72%65%63%74%3D%30+%2D%64+%63%67%69%2E%72%65%64%69%72%65%63%74%5F%73%74%61%74%75%73%5F%65%6E%76%3D%30+%2D%64+%61%75%74%6F%5F%70%72%65%70%65%6E%64%5F%66%69%6C%65%3D%70%68%70%3A%2F%2F%69%6E%70%75%74+%2D%6E HTTP/1.1" 404 96 "-" "-"
117.78.15.5 - - [01/Oct/2017:05:23:52 +0800] "POST //%63%67%69%2D%62%69%6E/%70%68%70?%2D%64+%61%6C%6C%6F%77%5F%75%72%6C%5F%69%6E%63%6C%75%64%65%3D%6F%6E+%2D%64+%73%61%66%65%5F%6D%6F%64%65%3D%6F%66%66+%2D%64+%73%75%68%6F%73%69%6E%2E%73%69%6D%75%6C%61%74%69%6F%6E%3D%6F%6E+%2D%64+%64%69%73%61%62%6C%65%5F%66%75%6E%63%74%69%6F%6E%73%3D%22%22+%2D%64+%6F%70%65%6E%5F%62%61%73%65%64%69%72%3D%6E%6F%6E%65+%2D%64+%61%75%74%6F%5F%70%72%65%70%65%6E%64%5F%66%69%6C%65%3D%70%68%70%3A%2F%2F%69%6E%70%75%74+%2D%64+%63%67%69%2E%66%6F%72%63%65%5F%72%65%64%69%72%65%63%74%3D%30+%2D%64+%63%67%69%2E%72%65%64%69%72%65%63%74%5F%73%74%61%74%75%73%5F%65%6E%76%3D%30+%2D%64+%61%75%74%6F%5F%70%72%65%70%65%6E%64%5F%66%69%6C%65%3D%70%68%70%3A%2F%2F%69%6E%70%75%74+%2D%6E HTTP/1.1" 404 96 "-" "-"
117.78.15.5 - - [01/Oct/2017:05:23:53 +0800] "POST //%63%67%69%2D%62%69%6E/%70%68%70?%2D%64+%61%6C%6C%6F%77%5F%75%72%6C%5F%69%6E%63%6C%75%64%65%3D%6F%6E+%2D%64+%73%61%66%65%5F%6D%6F%64%65%3D%6F%66%66+%2D%64+%73%75%68%6F%73%69%6E%2E%73%69%6D%75%6C%61%74%69%6F%6E%3D%6F%6E+%2D%64+%64%69%73%61%62%6C%65%5F%66%75%6E%63%74%69%6F%6E%73%3D%22%22+%2D%64+%6F%70%65%6E%5F%62%61%73%65%64%69%72%3D%6E%6F%6E%65+%2D%64+%61%75%74%6F%5F%70%72%65%70%65%6E%64%5F%66%69%6C%65%3D%70%68%70%3A%2F%2F%69%6E%70%75%74+%2D%64+%63%67%69%2E%66%6F%72%63%65%5F%72%65%64%69%72%65%63%74%3D%30+%2D%64+%63%67%69%2E%72%65%64%69%72%65%63%74%5F%73%74%61%74%75%73%5F%65%6E%76%3D%30+%2D%64+%61%75%74%6F%5F%70%72%65%70%65%6E%64%5F%66%69%6C%65%3D%70%68%70%3A%2F%2F%69%6E%70%75%74+%2D%6E HTTP/1.1" 404 96 "-" "-"
192.3.185.51 - - [01/Oct/2017:07:26:36 +0800] "GET http://ip.imazes.org/web.test HTTP/1.1" 404 93 "-" "Java/1.8.0_131"
192.3.185.51 - - [01/Oct/2017:07:26:37 +0800] "CONNECT ip.imazes.org:443 HTTP/1.1" 400 166 "-" "-"
192.3.185.51 - - [01/Oct/2017:07:26:38 +0800] "GET http://ip.imazes.org/web.test HTTP/1.1" 404 93 "-" "Java/1.8.0_131"
192.3.185.51 - - [01/Oct/2017:07:26:38 +0800] "CONNECT ip.imazes.org:443 HTTP/1.1" 400 166 "-" "-"
192.3.185.51 - - [01/Oct/2017:07:26:41 +0800] "\x05\x02\x00\x02" 400 166 "-" "-"
192.3.185.51 - - [01/Oct/2017:07:26:41 +0800] "\x05\x02\x00\x02" 400 166 "-" "-"
192.3.185.51 - - [01/Oct/2017:07:26:42 +0800] "\x05\x02\x00\x02" 400 166 "-" "-"
5.45.207.5 - - [01/Oct/2017:08:44:19 +0800] "GET /robots.txt HTTP/1.1" 404 95 "-" "Mozilla/5.0 (compatible; YandexBot/3.0; +http://yandex.com/bots)"
5.45.207.5 - - [01/Oct/2017:08:44:22 +0800] "GET /login/ HTTP/1.1" 200 2754 "-" "Mozilla/5.0 (compatible; YandexBot/3.0; +http://yandex.com/bots)"
213.180.203.7 - - [01/Oct/2017:08:44:23 +0800] "GET /robots.txt HTTP/1.1" 404 95 "-" "Mozilla/5.0 (compatible; YandexBot/3.0; +http://yandex.com/bots)"
87.250.224.96 - - [01/Oct/2017:08:44:25 +0800] "GET /static/js/sha256.js HTTP/1.1" 200 4570 "http://www.woaiwojia.xyz/login/" "Mozilla/5.0 (compatible; YandexBot/3.0; +http://yandex.com/bots)"
213.180.203.7 - - [01/Oct/2017:08:44:26 +0800] "GET /static/js/bootstrap.min.js HTTP/1.1" 200 34653 "http://www.woaiwojia.xyz/login/" "Mozilla/5.0 (compatible; YandexBot/3.0; +http://yandex.com/bots)"
87.250.224.96 - - [01/Oct/2017:08:44:27 +0800] "GET /static/js/pidcrypt.js HTTP/1.1" 200 8000 "http://www.woaiwojia.xyz/login/" "Mozilla/5.0 (compatible; YandexBot/3.0; +http://yandex.com/bots)"
213.180.203.7 - - [01/Oct/2017:08:44:28 +0800] "GET /static/js/login.js HTTP/1.1" 200 904 "http://www.woaiwojia.xyz/login/" "Mozilla/5.0 (compatible; YandexBot/3.0; +http://yandex.com/bots)"
87.250.224.96 - - [01/Oct/2017:08:44:30 +0800] "GET /static/js/jquery-1.12.4.min.js HTTP/1.1" 200 97163 "http://www.woaiwojia.xyz/login/" "Mozilla/5.0 (compatible; YandexBot/3.0; +http://yandex.com/bots)"
213.180.203.7 - - [01/Oct/2017:08:44:32 +0800] "GET /static/css/bootstrap.min.css HTTP/1.1" 200 114011 "http://www.woaiwojia.xyz/login/" "Mozilla/5.0 (compatible; YandexBot/3.0; +http://yandex.com/bots)"
80.82.78.38 - - [01/Oct/2017:09:02:20 +0800] "GET http://www.baidu.com/cache/global/img/gs.gif HTTP/1.1" 404 108 "-" "Mozilla"
80.82.78.38 - - [01/Oct/2017:09:02:44 +0800] "GET http://www.baidu.com/cache/global/img/gs.gif HTTP/1.1" 404 108 "-" "Mozilla"
61.160.207.19 - - [01/Oct/2017:10:02:16 +0800] "GET http://180.97.33.108/s?ie=utf-8&f=8&rsv_bp=0&rsv_idx=1&tn=baidu&wd=114.67.133.41&rsv_pq=bf5332e1000 HTTP/1.1" 404 86 "-" "-"
155.94.88.58 - - [01/Oct/2017:12:52:33 +0800] "GET / HTTP/1.0" 302 0 "-" "sysscan/1.0 (https://github.com/robertdavidgraham/sysscan)"
